   1               		.file	"main.c"
   2               	__SREG__ = 0x3f
   3               	__SP_H__ = 0x3e
   4               	__SP_L__ = 0x3d
   5               	__CCP__  = 0x34
   6               	__tmp_reg__ = 0
   7               	__zero_reg__ = 1
  15               	.Ltext0:
  16               	.global	main
  18               	main:
  19               	.LFB2:
  20               	.LM1:
  21               	/* prologue: function */
  22               	/* frame size = 0 */
  23               	.LM2:
  24               	/* #APP */
  25               	 ;  6 "main.c" 1
  26 0000 7894      		sei
  27               	 ;  0 "" 2
  28               	.LM3:
  29               	/* #NOAPP */
  30 0002 B89A      		sbi 55-32,0
  31               	.LM4:
  32 0004 8EB5      		in r24,78-32
  33 0006 8B60      		ori r24,lo8(11)
  34 0008 8EBD      		out 78-32,r24
  35               	.LM5:
  36 000a 89B7      		in r24,89-32
  37 000c 8061      		ori r24,lo8(16)
  38 000e 89BF      		out 89-32,r24
  39               	.LM6:
  40 0010 88E0      		ldi r24,lo8(15624)
  41 0012 9DE3      		ldi r25,hi8(15624)
  42 0014 9BBD      		out (74)+1-32,r25
  43 0016 8ABD      		out 74-32,r24
  44               	.L2:
  45 0018 00C0      		rjmp .L2
  46               	.LFE2:
  48               	.global	__vector_7
  50               	__vector_7:
  51               	.LFB3:
  52               	.LM7:
  53 001a 1F92      		push __zero_reg__
  54 001c 0F92      		push r0
  55 001e 0FB6      		in r0,__SREG__
  56 0020 0F92      		push r0
  57 0022 1124      		clr __zero_reg__
  58 0024 8F93      		push r24
  59 0026 9F93      		push r25
  60               	/* prologue: Signal */
  61               	/* frame size = 0 */
  62               	.LM8:
  63 0028 88B3      		in r24,56-32
  64 002a 91E0      		ldi r25,lo8(1)
  65 002c 8927      		eor r24,r25
  66 002e 88BB      		out 56-32,r24
  67               	/* epilogue start */
  68               	.LM9:
  69 0030 9F91      		pop r25
  70 0032 8F91      		pop r24
  71 0034 0F90      		pop r0
  72 0036 0FBE      		out __SREG__,r0
  73 0038 0F90      		pop r0
  74 003a 1F90      		pop __zero_reg__
  75 003c 1895      		reti
  76               	.LFE3:
 110               	.Letext0:
DEFINED SYMBOLS
                            *ABS*:00000000 main.c
C:\Users\Nadeem\AppData\Local\Temp/ccdAl6fT.s:2      *ABS*:0000003f __SREG__
C:\Users\Nadeem\AppData\Local\Temp/ccdAl6fT.s:3      *ABS*:0000003e __SP_H__
C:\Users\Nadeem\AppData\Local\Temp/ccdAl6fT.s:4      *ABS*:0000003d __SP_L__
C:\Users\Nadeem\AppData\Local\Temp/ccdAl6fT.s:5      *ABS*:00000034 __CCP__
C:\Users\Nadeem\AppData\Local\Temp/ccdAl6fT.s:6      *ABS*:00000000 __tmp_reg__
C:\Users\Nadeem\AppData\Local\Temp/ccdAl6fT.s:7      *ABS*:00000001 __zero_reg__
C:\Users\Nadeem\AppData\Local\Temp/ccdAl6fT.s:18     .text:00000000 main
C:\Users\Nadeem\AppData\Local\Temp/ccdAl6fT.s:50     .text:0000001a __vector_7

NO UNDEFINED SYMBOLS
