   1               		.file	"main.c"
   2               	__SREG__ = 0x3f
   3               	__SP_H__ = 0x3e
   4               	__SP_L__ = 0x3d
   5               	__CCP__  = 0x34
   6               	__tmp_reg__ = 0
   7               	__zero_reg__ = 1
  15               	.Ltext0:
  16               	.global	ButtonPressed
  18               	ButtonPressed:
  19               	.LFB2:
  20               	.LM1:
  21               	.LVL0:
  22 0000 0F93      		push r16
  23 0002 1F93      		push r17
  24 0004 DF93      		push r29
  25 0006 CF93      		push r28
  26 0008 0F92      		push __tmp_reg__
  27 000a CDB7      		in r28,__SP_L__
  28 000c DEB7      		in r29,__SP_H__
  29               	/* prologue: function */
  30               	/* frame size = 1 */
  31 000e 8C01      		movw r16,r24
  32 0010 6983      		std Y+1,r22
  33               	.LM2:
  34 0012 8981      		ldd r24,Y+1
  35               	.LVL1:
  36 0014 90E0      		ldi r25,lo8(0)
  37 0016 00C0      		rjmp 2f
  38 0018 9595      	1:	asr r25
  39 001a 8795      		ror r24
  40 001c 4A95      	2:	dec r20
  41 001e 02F4      		brpl 1b
  42 0020 F801      		movw r30,r16
  43 0022 EE0F      		lsl r30
  44 0024 FF1F      		rol r31
  45 0026 80FD      		sbrc r24,0
  46 0028 00C0      		rjmp .L2
  47               	.LVL2:
  48               	.LM3:
  49 002a DF01      		movw r26,r30
  50 002c A050      		subi r26,lo8(-(Pressed_Confidence_Level))
  51 002e B040      		sbci r27,hi8(-(Pressed_Confidence_Level))
  52 0030 8D91      		ld r24,X+
  53 0032 9C91      		ld r25,X
  54 0034 1197      		sbiw r26,1
  55 0036 0196      		adiw r24,1
  56 0038 1196      		adiw r26,1
  57 003a 9C93      		st X,r25
  58 003c 8E93      		st -X,r24
  59               	.LM4:
  60 003e E050      		subi r30,lo8(-(Released_Confidence_Level))
  61 0040 F040      		sbci r31,hi8(-(Released_Confidence_Level))
  62 0042 1182      		std Z+1,__zero_reg__
  63 0044 1082      		st Z,__zero_reg__
  64               	.LM5:
  65 0046 2817      		cp r18,r24
  66 0048 3907      		cpc r19,r25
  67 004a 04F4      		brge .L3
  68               	.LM6:
  69 004c F801      		movw r30,r16
  70 004e E050      		subi r30,lo8(-(Pressed))
  71 0050 F040      		sbci r31,hi8(-(Pressed))
  72 0052 8081      		ld r24,Z
  73 0054 8823      		tst r24
  74 0056 01F4      		brne .L7
  75               	.LM7:
  76 0058 81E0      		ldi r24,lo8(1)
  77 005a 8083      		st Z,r24
  78 005c 00C0      		rjmp .L5
  79               	.L2:
  80               	.LM8:
  81 005e DF01      		movw r26,r30
  82 0060 A050      		subi r26,lo8(-(Released_Confidence_Level))
  83 0062 B040      		sbci r27,hi8(-(Released_Confidence_Level))
  84 0064 8D91      		ld r24,X+
  85 0066 9C91      		ld r25,X
  86 0068 1197      		sbiw r26,1
  87 006a 0196      		adiw r24,1
  88 006c 1196      		adiw r26,1
  89 006e 9C93      		st X,r25
  90 0070 8E93      		st -X,r24
  91               	.LM9:
  92 0072 E050      		subi r30,lo8(-(Pressed_Confidence_Level))
  93 0074 F040      		sbci r31,hi8(-(Pressed_Confidence_Level))
  94 0076 1182      		std Z+1,__zero_reg__
  95 0078 1082      		st Z,__zero_reg__
  96               	.LM10:
  97 007a 2817      		cp r18,r24
  98 007c 3907      		cpc r19,r25
  99 007e 04F4      		brge .L3
 100               	.LM11:
 101 0080 0050      		subi r16,lo8(-(Pressed))
 102 0082 1040      		sbci r17,hi8(-(Pressed))
 103 0084 F801      		movw r30,r16
 104 0086 1082      		st Z,__zero_reg__
 105               	.L7:
 106               	.LM12:
 107 0088 1D92      		st X+,__zero_reg__
 108 008a 1C92      		st X,__zero_reg__
 109               	.L3:
 110 008c 80E0      		ldi r24,lo8(0)
 111               	.L5:
 112               	/* epilogue start */
 113               	.LM13:
 114 008e 0F90      		pop __tmp_reg__
 115 0090 CF91      		pop r28
 116 0092 DF91      		pop r29
 117 0094 1F91      		pop r17
 118 0096 0F91      		pop r16
 119               	.LVL3:
 120 0098 0895      		ret
 121               	.LFE2:
 123               	.global	main
 125               	main:
 126               	.LFB3:
 127               	.LM14:
 128 009a 0F93      		push r16
 129 009c 1F93      		push r17
 130               	/* prologue: function */
 131               	/* frame size = 0 */
 132               	.LM15:
 133 009e 8CE0      		ldi r24,lo8(12)
 134 00a0 87BB      		out 55-32,r24
 135               	.LM16:
 136 00a2 83E0      		ldi r24,lo8(3)
 137 00a4 88BB      		out 56-32,r24
 138               	.LM17:
 139 00a6 04E0      		ldi r16,lo8(4)
 140               	.LM18:
 141 00a8 18E0      		ldi r17,lo8(8)
 142               	.L14:
 143               	.LM19:
 144 00aa 66B3      		in r22,54-32
 145 00ac 80E0      		ldi r24,lo8(0)
 146 00ae 90E0      		ldi r25,hi8(0)
 147 00b0 40E0      		ldi r20,lo8(0)
 148 00b2 24E6      		ldi r18,lo8(100)
 149 00b4 30E0      		ldi r19,hi8(100)
 150 00b6 0E94 0000 		call ButtonPressed
 151 00ba 8823      		tst r24
 152 00bc 01F0      		breq .L9
 153               	.LM20:
 154 00be 88B3      		in r24,56-32
 155 00c0 8027      		eor r24,r16
 156 00c2 88BB      		out 56-32,r24
 157               	.L9:
 158               	.LM21:
 159 00c4 66B3      		in r22,54-32
 160 00c6 81E0      		ldi r24,lo8(1)
 161 00c8 90E0      		ldi r25,hi8(1)
 162 00ca 41E0      		ldi r20,lo8(1)
 163 00cc 24E6      		ldi r18,lo8(100)
 164 00ce 30E0      		ldi r19,hi8(100)
 165 00d0 0E94 0000 		call ButtonPressed
 166 00d4 8823      		tst r24
 167 00d6 01F0      		breq .L14
 168               	.LM22:
 169 00d8 88B3      		in r24,56-32
 170 00da 8127      		eor r24,r17
 171 00dc 88BB      		out 56-32,r24
 172 00de 00C0      		rjmp .L14
 173               	.LFE3:
 175               		.comm Pressed,2,1
 176               		.comm Pressed_Confidence_Level,4,1
 177               		.comm Released_Confidence_Level,4,1
 210               	.Letext0:
DEFINED SYMBOLS
                            *ABS*:00000000 main.c
C:\Users\Dragon\AppData\Local\Temp/cck0T9TS.s:2      *ABS*:0000003f __SREG__
C:\Users\Dragon\AppData\Local\Temp/cck0T9TS.s:3      *ABS*:0000003e __SP_H__
C:\Users\Dragon\AppData\Local\Temp/cck0T9TS.s:4      *ABS*:0000003d __SP_L__
C:\Users\Dragon\AppData\Local\Temp/cck0T9TS.s:5      *ABS*:00000034 __CCP__
C:\Users\Dragon\AppData\Local\Temp/cck0T9TS.s:6      *ABS*:00000000 __tmp_reg__
C:\Users\Dragon\AppData\Local\Temp/cck0T9TS.s:7      *ABS*:00000001 __zero_reg__
C:\Users\Dragon\AppData\Local\Temp/cck0T9TS.s:18     .text:00000000 ButtonPressed
                            *COM*:00000004 Pressed_Confidence_Level
                            *COM*:00000004 Released_Confidence_Level
                            *COM*:00000002 Pressed
C:\Users\Dragon\AppData\Local\Temp/cck0T9TS.s:125    .text:0000009a main

UNDEFINED SYMBOLS
__do_clear_bss
