   1               		.file	"main.c"
   2               	__SREG__ = 0x3f
   3               	__SP_H__ = 0x3e
   4               	__SP_L__ = 0x3d
   5               	__CCP__  = 0x34
   6               	__tmp_reg__ = 0
   7               	__zero_reg__ = 1
  15               	.Ltext0:
  16               	.global	processPressedButton
  18               	processPressedButton:
  19               	.LFB7:
  20               	.LM1:
  21               	.LVL0:
  22               	/* prologue: function */
  23               	/* frame size = 0 */
  24 0000 DC01      		movw r26,r24
  25               	.LM2:
  26 0002 9C01      		movw r18,r24
  27 0004 220F      		lsl r18
  28 0006 331F      		rol r19
  29 0008 F901      		movw r30,r18
  30 000a E050      		subi r30,lo8(-(pressed_confidence_level))
  31 000c F040      		sbci r31,hi8(-(pressed_confidence_level))
  32 000e 8081      		ld r24,Z
  33 0010 9181      		ldd r25,Z+1
  34               	.LVL1:
  35 0012 0196      		adiw r24,1
  36 0014 9183      		std Z+1,r25
  37 0016 8083      		st Z,r24
  38               	.LM3:
  39 0018 855F      		subi r24,lo8(501)
  40 001a 9140      		sbci r25,hi8(501)
  41 001c 04F4      		brge .+2
  42 001e 00C0      		rjmp .L11
  43               	.LM4:
  44 0020 F901      		movw r30,r18
  45 0022 E050      		subi r30,lo8(-(pressed))
  46 0024 F040      		sbci r31,hi8(-(pressed))
  47 0026 8081      		ld r24,Z
  48 0028 9181      		ldd r25,Z+1
  49 002a 892B      		or r24,r25
  50 002c 01F0      		breq .+2
  51 002e 00C0      		rjmp .L3
  52               	.LM5:
  53 0030 21E0      		ldi r18,lo8(1)
  54 0032 30E0      		ldi r19,hi8(1)
  55 0034 3183      		std Z+1,r19
  56 0036 2083      		st Z,r18
  57               	.LM6:
  58 0038 1097      		sbiw r26,0
  59 003a 01F4      		brne .L4
  60 003c 88B3      		in r24,56-32
  61 003e 0090 0000 		lds r0,LEDNumber
  62 0042 00C0      		rjmp 2f
  63 0044 220F      	1:	lsl r18
  64 0046 331F      		rol r19
  65 0048 0A94      	2:	dec r0
  66 004a 02F4      		brpl 1b
  67 004c 822B      		or r24,r18
  68 004e 88BB      		out 56-32,r24
  69 0050 00C0      		rjmp .L5
  70               	.L4:
  71               	.LM7:
  72 0052 A130      		cpi r26,1
  73 0054 B105      		cpc r27,__zero_reg__
  74 0056 01F4      		brne .L5
  75 0058 22B3      		in r18,50-32
  76 005a CD01      		movw r24,r26
  77 005c 0090 0000 		lds r0,LEDNumber+2
  78 0060 00C0      		rjmp 2f
  79 0062 880F      	1:	lsl r24
  80 0064 991F      		rol r25
  81 0066 0A94      	2:	dec r0
  82 0068 02F4      		brpl 1b
  83 006a 282B      		or r18,r24
  84 006c 22BB      		out 50-32,r18
  85               	.L5:
  86               	.LM8:
  87 006e FD01      		movw r30,r26
  88 0070 EE0F      		lsl r30
  89 0072 FF1F      		rol r31
  90 0074 E050      		subi r30,lo8(-(LEDNumber))
  91 0076 F040      		sbci r31,hi8(-(LEDNumber))
  92 0078 8081      		ld r24,Z
  93 007a 9181      		ldd r25,Z+1
  94 007c 0196      		adiw r24,1
  95 007e 9183      		std Z+1,r25
  96 0080 8083      		st Z,r24
  97               	.LM9:
  98 0082 0797      		sbiw r24,7
  99 0084 04F0      		brlt .L3
 100 0086 20E0      		ldi r18,lo8(0)
 101 0088 30E0      		ldi r19,hi8(0)
 102               	.LVL2:
 103               	.LBB23:
 104               	.LM10:
 105 008a 7FEF      		ldi r23,lo8(-1)
 106               	.LBB24:
 107               	.LBB25:
 108               	.LBB26:
 109               	.LBB27:
 110               	.LM11:
 111 008c 40E2      		ldi r20,lo8(20000)
 112 008e 5EE4      		ldi r21,hi8(20000)
 113               	.LBE27:
 114               	.LBE26:
 115               	.LBE25:
 116               	.LBE24:
 117               	.LM12:
 118 0090 60E8      		ldi r22,lo8(-128)
 119               	.LVL3:
 120               	.L10:
 121               	.LM13:
 122 0092 1097      		sbiw r26,0
 123 0094 01F4      		brne .L6
 124 0096 78BB      		out 56-32,r23
 125 0098 00C0      		rjmp .L7
 126               	.L6:
 127               	.LM14:
 128 009a A130      		cpi r26,1
 129 009c B105      		cpc r27,__zero_reg__
 130 009e 01F4      		brne .L7
 131 00a0 72BB      		out 50-32,r23
 132               	.L7:
 133               	.LBB31:
 134               	.LBB30:
 135               	.LBB29:
 136               	.LBB28:
 137               	.LM15:
 138 00a2 CA01      		movw r24,r20
 139               	.LVL4:
 140               	/* #APP */
 141               	 ;  105 "c:/winavr-20100110/lib/gcc/../../avr/include/util/delay_basic.h" 1
 142 00a4 0197      		1: sbiw r24,1
 143 00a6 01F4      		brne 1b
 144               	 ;  0 "" 2
 145               	/* #NOAPP */
 146               	.LBE28:
 147               	.LBE29:
 148               	.LBE30:
 149               	.LBE31:
 150               	.LM16:
 151 00a8 1097      		sbiw r26,0
 152 00aa 01F4      		brne .L8
 153 00ac 68BB      		out 56-32,r22
 154 00ae 00C0      		rjmp .L9
 155               	.L8:
 156               	.LM17:
 157 00b0 A130      		cpi r26,1
 158 00b2 B105      		cpc r27,__zero_reg__
 159 00b4 01F4      		brne .L9
 160 00b6 62BB      		out 50-32,r22
 161               	.L9:
 162               	.LBB32:
 163               	.LBB33:
 164               	.LBB34:
 165               	.LBB35:
 166               	.LM18:
 167 00b8 CA01      		movw r24,r20
 168               	.LVL5:
 169               	/* #APP */
 170               	 ;  105 "c:/winavr-20100110/lib/gcc/../../avr/include/util/delay_basic.h" 1
 171 00ba 0197      		1: sbiw r24,1
 172 00bc 01F4      		brne 1b
 173               	 ;  0 "" 2
 174               	/* #NOAPP */
 175               	.LBE35:
 176               	.LBE34:
 177               	.LBE33:
 178               	.LBE32:
 179               	.LM19:
 180 00be 2F5F      		subi r18,lo8(-(1))
 181 00c0 3F4F      		sbci r19,hi8(-(1))
 182 00c2 2A30      		cpi r18,10
 183 00c4 3105      		cpc r19,__zero_reg__
 184 00c6 01F4      		brne .L10
 185               	.LBE23:
 186               	.LM20:
 187 00c8 1092 0000 		sts (LEDNumber)+1,__zero_reg__
 188 00cc 1092 0000 		sts LEDNumber,__zero_reg__
 189               	.LM21:
 190 00d0 1092 0000 		sts (LEDNumber+2)+1,__zero_reg__
 191 00d4 1092 0000 		sts LEDNumber+2,__zero_reg__
 192               	.LM22:
 193 00d8 80E8      		ldi r24,lo8(-128)
 194               	.LVL6:
 195 00da 88BB      		out 56-32,r24
 196               	.LM23:
 197 00dc 82BB      		out 50-32,r24
 198               	.L3:
 199               	.LM24:
 200 00de AA0F      		lsl r26
 201 00e0 BB1F      		rol r27
 202 00e2 A050      		subi r26,lo8(-(pressed_confidence_level))
 203 00e4 B040      		sbci r27,hi8(-(pressed_confidence_level))
 204 00e6 1D92      		st X+,__zero_reg__
 205 00e8 1C92      		st X,__zero_reg__
 206               	.L11:
 207 00ea 0895      		ret
 208               	.LFE7:
 210               	.global	main
 212               	main:
 213               	.LFB6:
 214               	.LM25:
 215               	/* prologue: function */
 216               	/* frame size = 0 */
 217               	.LM26:
 218 00ec 8FE7      		ldi r24,lo8(127)
 219 00ee 87BB      		out 55-32,r24
 220               	.LM27:
 221 00f0 81BB      		out 49-32,r24
 222               	.LM28:
 223 00f2 80E8      		ldi r24,lo8(-128)
 224 00f4 88BB      		out 56-32,r24
 225               	.LM29:
 226 00f6 82BB      		out 50-32,r24
 227               	.L21:
 228               	.LM30:
 229 00f8 B799      		sbic 54-32,7
 230 00fa 00C0      		rjmp .L14
 231               	.LM31:
 232 00fc 80E0      		ldi r24,lo8(0)
 233 00fe 90E0      		ldi r25,hi8(0)
 234 0100 0E94 0000 		call processPressedButton
 235 0104 00C0      		rjmp .L15
 236               	.L14:
 237               	.LBB36:
 238               	.LBB37:
 239               	.LM32:
 240 0106 8091 0000 		lds r24,released_confidence_level
 241 010a 9091 0000 		lds r25,(released_confidence_level)+1
 242 010e 0196      		adiw r24,1
 243 0110 9093 0000 		sts (released_confidence_level)+1,r25
 244 0114 8093 0000 		sts released_confidence_level,r24
 245               	.LM33:
 246 0118 855F      		subi r24,lo8(501)
 247 011a 9140      		sbci r25,hi8(501)
 248 011c 04F0      		brlt .L15
 249               	.LM34:
 250 011e 1092 0000 		sts (pressed)+1,__zero_reg__
 251 0122 1092 0000 		sts pressed,__zero_reg__
 252               	.LM35:
 253 0126 1092 0000 		sts (released_confidence_level)+1,__zero_reg__
 254 012a 1092 0000 		sts released_confidence_level,__zero_reg__
 255               	.L15:
 256               	.LBE37:
 257               	.LBE36:
 258               	.LM36:
 259 012e 8799      		sbic 48-32,7
 260 0130 00C0      		rjmp .L16
 261               	.LM37:
 262 0132 81E0      		ldi r24,lo8(1)
 263 0134 90E0      		ldi r25,hi8(1)
 264 0136 0E94 0000 		call processPressedButton
 265 013a 00C0      		rjmp .L21
 266               	.L16:
 267               	.LBB38:
 268               	.LBB39:
 269               	.LM38:
 270 013c 8091 0000 		lds r24,released_confidence_level+2
 271 0140 9091 0000 		lds r25,(released_confidence_level+2)+1
 272 0144 0196      		adiw r24,1
 273 0146 9093 0000 		sts (released_confidence_level+2)+1,r25
 274 014a 8093 0000 		sts released_confidence_level+2,r24
 275               	.LM39:
 276 014e 855F      		subi r24,lo8(501)
 277 0150 9140      		sbci r25,hi8(501)
 278 0152 04F0      		brlt .L21
 279               	.LM40:
 280 0154 1092 0000 		sts (pressed+2)+1,__zero_reg__
 281 0158 1092 0000 		sts pressed+2,__zero_reg__
 282               	.LM41:
 283 015c 1092 0000 		sts (released_confidence_level+2)+1,__zero_reg__
 284 0160 1092 0000 		sts released_confidence_level+2,__zero_reg__
 285 0164 00C0      		rjmp .L21
 286               	.LBE39:
 287               	.LBE38:
 288               	.LFE6:
 290               	.global	processReleasedButton
 292               	processReleasedButton:
 293               	.LFB8:
 294               	.LM42:
 295               	.LVL7:
 296               	/* prologue: function */
 297               	/* frame size = 0 */
 298               	.LM43:
 299 0166 FC01      		movw r30,r24
 300 0168 EE0F      		lsl r30
 301 016a FF1F      		rol r31
 302 016c DF01      		movw r26,r30
 303 016e A050      		subi r26,lo8(-(released_confidence_level))
 304 0170 B040      		sbci r27,hi8(-(released_confidence_level))
 305 0172 8D91      		ld r24,X+
 306 0174 9C91      		ld r25,X
 307 0176 1197      		sbiw r26,1
 308               	.LVL8:
 309 0178 0196      		adiw r24,1
 310 017a 1196      		adiw r26,1
 311 017c 9C93      		st X,r25
 312 017e 8E93      		st -X,r24
 313               	.LM44:
 314 0180 855F      		subi r24,lo8(501)
 315 0182 9140      		sbci r25,hi8(501)
 316 0184 04F0      		brlt .L24
 317               	.LM45:
 318 0186 E050      		subi r30,lo8(-(pressed))
 319 0188 F040      		sbci r31,hi8(-(pressed))
 320 018a 1182      		std Z+1,__zero_reg__
 321 018c 1082      		st Z,__zero_reg__
 322               	.LM46:
 323 018e 1D92      		st X+,__zero_reg__
 324 0190 1C92      		st X,__zero_reg__
 325               	.L24:
 326 0192 0895      		ret
 327               	.LFE8:
 329               		.comm pressed_confidence_level,4,1
 330               		.comm released_confidence_level,4,1
 331               		.comm pressed,4,1
 332               		.comm LEDNumber,4,1
 373               	.Letext0:
DEFINED SYMBOLS
                            *ABS*:00000000 main.c
C:\Users\Nadeem\AppData\Local\Temp/cc4It9ei.s:2      *ABS*:0000003f __SREG__
C:\Users\Nadeem\AppData\Local\Temp/cc4It9ei.s:3      *ABS*:0000003e __SP_H__
C:\Users\Nadeem\AppData\Local\Temp/cc4It9ei.s:4      *ABS*:0000003d __SP_L__
C:\Users\Nadeem\AppData\Local\Temp/cc4It9ei.s:5      *ABS*:00000034 __CCP__
C:\Users\Nadeem\AppData\Local\Temp/cc4It9ei.s:6      *ABS*:00000000 __tmp_reg__
C:\Users\Nadeem\AppData\Local\Temp/cc4It9ei.s:7      *ABS*:00000001 __zero_reg__
C:\Users\Nadeem\AppData\Local\Temp/cc4It9ei.s:18     .text:00000000 processPressedButton
                            *COM*:00000004 pressed_confidence_level
                            *COM*:00000004 pressed
                            *COM*:00000004 LEDNumber
C:\Users\Nadeem\AppData\Local\Temp/cc4It9ei.s:212    .text:000000ec main
                            *COM*:00000004 released_confidence_level
C:\Users\Nadeem\AppData\Local\Temp/cc4It9ei.s:292    .text:00000166 processReleasedButton

UNDEFINED SYMBOLS
__do_clear_bss
